[DATA_POINT]
1="HTTP_302"
2="tcp_connect"
3="tcp_connection_count"
4="ssl_session_new"
5="mic_recv"
6="ssl_session_reuse"
7="HTTP_200"
8="tcp_shutdown"
[END_TRANSACTION]
1="vuser_init_Transaction"
2="https://opensource-demo.orangehrmlive.com/"
3="https://opensource-demo.orangehrmlive.com/web/index.php/auth/login"
4="https://opensource-demo.orangehrmlive.com/web/dist/css/chunk-vendors.css?v=1706326081969"
5="https://opensource-demo.orangehrmlive.com/web/dist/css/app.css?v=1706326081969"
6="https://opensource-demo.orangehrmlive.com/web/dist/js/chunk-vendors.js?v=1706326081969"
7="https://opensource-demo.orangehrmlive.com/web/dist/js/app.js?v=1706326081969"
8="opensource-demo.orangehrm_Action_18"
100="https://opensource-demo.orangehrmlive.com/web/index.php/admin/viewAdminModule"
9="https://opensource-demo.orangehrmlive.com/web/index.php/core/i18n/messages"
101="viewAdminModule_Action_606"
102="https://opensource-demo.orangehrmlive.com/web/index.php/api/v2/admin/users?limit=50&offset=0&sortField=u.userName&sortOrder=ASC"
103="users_Action_615"
104="https://opensource-demo.orangehrmlive.com/web/index.php/api/v2/pim/employees?nameOrId=rahul"
105="employees_5_Action_626"
106="https://opensource-demo.orangehrmlive.com/web/index.php/api/v2/admin/users?limit=50&offset=0&username=rahul&userRoleId=2&empNumber=99&status=1&sortField=u.userName&sortOrder=ASC"
107="users_2_Action_637"
108="Action_Transaction"
109="vuser_end_Transaction"
10="messages_Action_29"
11="https://opensource-demo.orangehrmlive.com/web/index.php/auth/validate"
12="https://opensource-demo.orangehrmlive.com/web/index.php/dashboard/index"
13="validate_Action_43"
14="https://opensource-demo.orangehrmlive.com/web/index.php/api/v2/dashboard/employees/time-at-work?timezoneOffset=5.5&currentDate=2024-02-26&currentTime=15:30"
15="time-at-work_Action_56"
16="https://opensource-demo.orangehrmlive.com/web/index.php/api/v2/dashboard/employees/action-summary"
17="action-summary_Action_65"
18="https://opensource-demo.orangehrmlive.com/web/index.php/api/v2/dashboard/shortcuts"
19="shortcuts_Action_74"
20="https://opensource-demo.orangehrmlive.com/web/index.php/api/v2/buzz/feed?limit=5&offset=0&sortOrder=DESC&sortField=share.createdAtUtc"
21="feed_Action_85"
22="https://opensource-demo.orangehrmlive.com/web/index.php/api/v2/dashboard/employees/leaves?date=2024-02-26"
23="leaves_Action_94"
24="https://opensource-demo.orangehrmlive.com/web/index.php/api/v2/dashboard/employees/locations"
25="locations_Action_103"
26="https://opensource-demo.orangehrmlive.com/web/index.php/api/v2/dashboard/employees/subunit"
27="subunit_Action_112"
28="https://opensource-demo.orangehrmlive.com/web/index.php/events/push"
29="push_Action_123"
30="https://opensource-demo.orangehrmlive.com/web/index.php/pim/viewMyDetails"
31="https://opensource-demo.orangehrmlive.com/web/index.php/pim/viewPersonalDetails/empNumber/7"
32="viewMyDetails_Action_136"
33="https://opensource-demo.orangehrmlive.com/web/index.php/api/v2/pim/employees/7"
34="7_Action_147"
35="https://opensource-demo.orangehrmlive.com/web/index.php/api/v2/pim/employees/7/screen/personal/attachments?limit=50&offset=0"
36="attachments_Action_156"
37="https://opensource-demo.orangehrmlive.com/web/index.php/api/v2/pim/employees/7/personal-details"
38="personal-details_Action_165"
39="https://opensource-demo.orangehrmlive.com/web/index.php/api/v2/leave/holidays?fromDate=2024-01-01&toDate=2024-12-31"
40="holidays_Action_174"
41="https://opensource-demo.orangehrmlive.com/web/index.php/api/v2/pim/employees"
42="employees_Action_183"
43="holidays_2_Action_192"
44="https://opensource-demo.orangehrmlive.com/web/index.php/api/v2/pim/employees/7/custom-fields?screen=personal"
45="custom-fields_Action_201"
46="https://opensource-demo.orangehrmlive.com/web/index.php/api/v2/leave/workweek?model=indexed"
47="workweek_Action_210"
48="workweek_2_Action_219"
49="personal-details_2_Action_231"
50="https://opensource-demo.orangehrmlive.com/web/index.php/api/v2/pim/employees/7/custom-fields"
51="custom-fields_2_Action_244"
52="https://update.googleapis.com/service/update2/json?cup2key=13:oIPi17niL6PyUOc3tdvCpXpgwAawhT64HVhJdFE3Tvk&cup2hreq=e8c09f5d2612fcd48eb16105ff77d55d4283981aecbb30abbfcf4045f300fd09"
53="json_Action_257"
54="https://opensource-demo.orangehrmlive.com/web/index.php/leave/viewLeaveModule"
55="viewLeaveModule_Action_290"
56="https://opensource-demo.orangehrmlive.com/web/index.php/api/v2/leave/leave-types?limit=0"
57="leave-types_Action_299"
58="https://opensource-demo.orangehrmlive.com/web/index.php/api/v2/leave/employees/leave-requests?limit=50&offset=0&includeEmployees=onlyCurrent"
59="leave-requests_Action_308"
60="workweek_3_Action_317"
61="https://opensource-demo.orangehrmlive.com/web/index.php/api/v2/leave/leave-periods"
62="leave-periods_Action_326"
63="holidays_3_Action_335"
64="workweek_4_Action_344"
65="holidays_4_Action_353"
66="https://opensource-demo.orangehrmlive.com/web/index.php/api/v2/leave/employees/leave-requests?limit=50&offset=0&fromDate=2024-01-01&toDate=2024-12-31&includeEmployees=onlyCurrent&statuses[]=1&statuses[]=-1&leaveTypeId=8"
67="leave-requests_2_Action_364"
68="https://opensource-demo.orangehrmlive.com/web/index.php/api/v2/pim/employees?nameOrId=e&includeEmployees=onlyCurrent"
69="employees_2_Action_375"
70="https://opensource-demo.orangehrmlive.com/web/index.php/api/v2/pim/employees?nameOrId=eH&includeEmployees=onlyCurrent"
71="employees_3_Action_384"
72="https://opensource-demo.orangehrmlive.com/web/index.php/api/v2/leave/employees/leave-requests?limit=50&offset=0&empNumber=70&fromDate=2024-01-01&toDate=2024-12-31&subunitId=2&includeEmployees=onlyCurrent&statuses[]=1&statuses[]=-1&leaveTypeId=8"
73="leave-requests_3_Action_395"
74="https://opensource-demo.orangehrmlive.com/web/index.php/api/v2/leave/employees/leave-requests?limit=50&offset=0&empNumber=70&fromDate=2024-01-01&toDate=2024-12-31&subunitId=2&includeEmployees=currentAndPast&statuses[]=1&statuses[]=-1&leaveTypeId=8"
75="leave-requests_4_Action_406"
76="leave-requests_5_Action_417"
77="https://opensource-demo.orangehrmlive.com/web/index.php/performance/viewPerformanceModule"
78="viewPerformanceModule_Action_428"
79="https://opensource-demo.orangehrmlive.com/web/index.php/api/v2/performance/employees/reviews?limit=50&offset=0&sortField=performanceReview.statusId&sortOrder=ASC&fromDate=2024-01-01&toDate=2024-12-31&includeEmployees=onlyCurrent"
80="reviews_Action_437"
81="https://opensource-demo.orangehrmlive.com/web/index.php/api/v2/admin/job-titles?limit=0"
82="job-titles_Action_448"
83="https://opensource-demo.orangehrmlive.com/web/index.php/api/v2/admin/subunits"
84="subunits_Action_457"
85="workweek_5_Action_468"
86="holidays_5_Action_477"
87="workweek_6_Action_486"
88="holidays_6_Action_495"
89="employees_4_Action_506"
90="https://opensource-demo.orangehrmlive.com/web/index.php/api/v2/performance/employees/reviews?limit=50&offset=0&sortField=performanceReview.statusId&sortOrder=ASC&empNumber=70&jobTitleId=22&subunitId=1&statusId=2&fromDate=2024-01-01&toDate=2024-12-31&includeEmployees=currentAndPast"
91="reviews_2_Action_517"
92="index_Action_528"
93="subunit_2_Action_539"
94="shortcuts_2_Action_548"
95="feed_2_Action_559"
96="leaves_2_Action_568"
97="push_2_Action_577"
98="locations_2_Action_588"
99="action-summary_2_Action_597"
