[DATA_POINT]
1="HTTP_302"
2="tcp_connect"
3="tcp_connection_count"
4="ssl_session_new"
5="mic_recv"
6="ssl_session_reuse"
7="HTTP_200"
8="HTTP_401"
9="tcp_shutdown"
[END_TRANSACTION]
10="https://opensource-demo.orangehrmlive.com/web/index.php/auth/validate"
11="validate_vuser_init_45"
12="vuser_init_Transaction"
13="https://opensource-demo.orangehrmlive.com/web/index.php/dashboard/index"
14="validate_Login_Info_16"
15="Login_Info_Transaction"
16="https://opensource-demo.orangehrmlive.com/web/index.php/api/v2/dashboard/employees/time-at-work?timezoneOffset=5.5&currentDate=2024-02-26&currentTime=14:45"
17="time-at-work_Login_Info_29"
18="vuser_end_Transaction"
1="https://opensource-demo.orangehrmlive.com/"
2="https://opensource-demo.orangehrmlive.com/web/index.php/auth/login"
3="https://opensource-demo.orangehrmlive.com/web/dist/css/chunk-vendors.css?v=1706326081969"
4="https://opensource-demo.orangehrmlive.com/web/dist/css/app.css?v=1706326081969"
5="https://opensource-demo.orangehrmlive.com/web/dist/js/app.js?v=1706326081969"
6="https://opensource-demo.orangehrmlive.com/web/dist/js/chunk-vendors.js?v=1706326081969"
7="opensource-demo.orang_vuser_init_17"
8="https://opensource-demo.orangehrmlive.com/web/index.php/core/i18n/messages"
9="messages_vuser_init_26"
